// Jest Snapshot v1, https://goo.gl/fbAQLP

exports[`App Should render without crashing 1`] = `<Layout />`;
